<?xml version="1.0" encoding="UTF-8" standalone="no"?>
<mappingRoot xmlns="http://www.ibm.com/2008/ccl/Mapping" xmlns:map="http://www.ibm.com/zosConnect/2.0/mapping/PUT" domainID="com.ibm.msl.mapping.xml" domainIDExtension="zosconnect" targetNamespace="http://www.ibm.com/zosConnect/2.0/mapping/PUT" version="8.0.5.0">
    <inlinedXMLSchema targetNamespace="http://www.ibm.com/zosConnect/2.0/mapping/JSON/output/PUT"><![CDATA[<?xml version="1.0" encoding="UTF-8" standalone="no"?>
<xsd:schema xmlns:tns="http://www.ibm.com/zosConnect/2.0/mapping/JSON/output/PUT" xmlns:xsd="http://www.w3.org/2001/XMLSchema" targetNamespace="http://www.ibm.com/zosConnect/2.0/mapping/JSON/output/PUT">
  <xsd:element name="ZCONCBLOperation" type="tns:ZCONCBLOperation"/>
  <xsd:complexType name="ZCONCBLOperation">
    <xsd:sequence>
      <xsd:element name="svc_rqst_variables" type="tns:svc_rqst_variables"/>
    </xsd:sequence>
  </xsd:complexType>
  <xsd:complexType name="svc_rqst_variables">
    <xsd:sequence>
      <xsd:element name="svc_rqst_type">
        <xsd:simpleType>
          <xsd:restriction base="xsd:string">
            <xsd:maxLength value="1"/>
          </xsd:restriction>
        </xsd:simpleType>
      </xsd:element>
      <xsd:element name="svc_rqst_data" type="tns:svc_rqst_data"/>
      <xsd:element name="svc_rqst_filler">
        <xsd:simpleType>
          <xsd:restriction base="xsd:string">
            <xsd:maxLength value="59"/>
          </xsd:restriction>
        </xsd:simpleType>
      </xsd:element>
    </xsd:sequence>
  </xsd:complexType>
  <xsd:complexType name="svc_rqst_data">
    <xsd:sequence>
      <xsd:element name="svc_rqst_empid">
        <xsd:simpleType>
          <xsd:restriction base="xsd:string">
            <xsd:maxLength value="5"/>
          </xsd:restriction>
        </xsd:simpleType>
      </xsd:element>
      <xsd:element name="svc_rqst_empname">
        <xsd:simpleType>
          <xsd:restriction base="xsd:string">
            <xsd:maxLength value="25"/>
          </xsd:restriction>
        </xsd:simpleType>
      </xsd:element>
      <xsd:element name="svc_rqst_email">
        <xsd:simpleType>
          <xsd:restriction base="xsd:string">
            <xsd:maxLength value="30"/>
          </xsd:restriction>
        </xsd:simpleType>
      </xsd:element>
      <xsd:element name="svc_rqst_phone">
        <xsd:simpleType>
          <xsd:restriction base="xsd:string">
            <xsd:maxLength value="20"/>
          </xsd:restriction>
        </xsd:simpleType>
      </xsd:element>
      <xsd:element name="svc_rqst_remarks">
        <xsd:simpleType>
          <xsd:restriction base="xsd:string">
            <xsd:maxLength value="40"/>
          </xsd:restriction>
        </xsd:simpleType>
      </xsd:element>
    </xsd:sequence>
  </xsd:complexType>
</xsd:schema>
]]></inlinedXMLSchema>
    <inlinedXMLSchema targetNamespace="http://www.ibm.com/zosConnect/2.0/mapping/HTTP/input/PUT"><![CDATA[<?xml version="1.0" encoding="UTF-8" standalone="no"?>
<xsd:schema xmlns:body="http://www.ibm.com/zosConnect/2.0/mapping/JSON/output/PUT" xmlns:tns="http://www.ibm.com/zosConnect/2.0/mapping/HTTP/input/PUT" xmlns:xsd="http://www.w3.org/2001/XMLSchema" targetNamespace="http://www.ibm.com/zosConnect/2.0/mapping/HTTP/input/PUT">

      <xsd:import namespace="http://www.ibm.com/zosConnect/2.0/mapping/JSON/output/PUT" schemaLocation="../schema_0.xsd"/>

      <xsd:element name="HTTPRequest" type="tns:HTTPRequestType"/>

      <xsd:complexType name="HTTPRequestType">
        <xsd:sequence>
          <xsd:element name="Headers" type="tns:HeadersType"/>
          <xsd:element name="PathParameters" type="tns:PathParametersType"/>
          <xsd:element name="QueryParameters" type="tns:QueryParametersType"/>
          <xsd:element name="Body" type="tns:BodyType"/>
        </xsd:sequence>
      </xsd:complexType>

      <xsd:complexType name="HeadersType">
        <xsd:sequence>
        	<xsd:element maxOccurs="1" minOccurs="0" name="Authorization" type="xsd:string"/>
        </xsd:sequence>
      </xsd:complexType>

      <xsd:complexType name="PathParametersType">
        <xsd:sequence>
        </xsd:sequence>
      </xsd:complexType>

      <xsd:complexType name="QueryParametersType">
        <xsd:sequence>
        </xsd:sequence>
      </xsd:complexType>

      <xsd:complexType name="BodyType">
        <xsd:sequence>
          <xsd:element ref="body:ZCONCBLOperation"/>
        </xsd:sequence>
      </xsd:complexType>
    </xsd:schema>
]]></inlinedXMLSchema>
    <input inlinedXMLSchema="true" path="../schema_1.xsd" targetNamespace="http://www.ibm.com/zosConnect/2.0/mapping/HTTP/input/PUT" var="rootInput"/>
    <output inlinedXMLSchema="true" path="../schema_0.xsd" targetNamespace="http://www.ibm.com/zosConnect/2.0/mapping/JSON/output/PUT" var="rootOutput"/>
    <namespaces>
        <namespace kind="supplement" prefix="in" uri="http://www.ibm.com/zosConnect/2.0/mapping/HTTP/input/PUT"/>
        <namespace kind="supplement" prefix="out" uri="http://www.ibm.com/zosConnect/2.0/mapping/JSON/output/PUT"/>
    </namespaces>
    <mappingDeclaration name="PUT.employee">
        <input namespace="http://www.ibm.com/zosConnect/2.0/mapping/HTTP/input/PUT" path="$rootInput/HTTPRequest"/>
        <output namespace="http://www.ibm.com/zosConnect/2.0/mapping/JSON/output/PUT" path="$rootOutput/ZCONCBLOperation"/>
        <passthrough>
            <input path="Body/ZCONCBLOperation"/>
            <output path="."/>
            <updates>
                <assign value="U">
                    <output httpIn="body" omitFromInterface="true" path="svc_rqst_variables/svc_rqst_type" xsdBuiltInOrDerivedSimpleType="http://www.w3.org/2001/XMLSchema:string"/>
                </assign>
                <assign value="FILLER">
                    <output httpIn="body" omitFromInterface="true" path="svc_rqst_variables/svc_rqst_filler" xsdBuiltInOrDerivedSimpleType="http://www.w3.org/2001/XMLSchema:string"/>
                </assign>
            </updates>
        </passthrough>
    </mappingDeclaration>
</mappingRoot>
